[2022-07-02T21:03:30.404+0300][gc,heap] Heap region size: 1M
[2022-07-02T21:03:30.408+0300][gc     ] Using G1
[2022-07-02T21:03:30.408+0300][gc,heap,coops] Heap address: 0x00000007e0000000, size: 512 MB, Compressed Oops mode: Zero based, Oop shift amount: 3
[2022-07-02T21:03:31.326+0300][gc,start     ] GC(0) Pause Young (Normal) (G1 Evacuation Pause)
[2022-07-02T21:03:31.326+0300][gc,task      ] GC(0) Using 10 workers of 10 for evacuation
[2022-07-02T21:03:31.330+0300][gc,phases    ] GC(0)   Pre Evacuate Collection Set: 0.0ms
[2022-07-02T21:03:31.330+0300][gc,phases    ] GC(0)   Evacuate Collection Set: 3.6ms
[2022-07-02T21:03:31.330+0300][gc,phases    ] GC(0)   Post Evacuate Collection Set: 0.3ms
[2022-07-02T21:03:31.330+0300][gc,phases    ] GC(0)   Other: 0.5ms
[2022-07-02T21:03:31.330+0300][gc,heap      ] GC(0) Eden regions: 25->0(21)
[2022-07-02T21:03:31.330+0300][gc,heap      ] GC(0) Survivor regions: 0->4(4)
[2022-07-02T21:03:31.330+0300][gc,heap      ] GC(0) Old regions: 0->4
[2022-07-02T21:03:31.330+0300][gc,heap      ] GC(0) Humongous regions: 0->0
[2022-07-02T21:03:31.330+0300][gc,metaspace ] GC(0) Metaspace: 15086K->15086K(1062912K)
[2022-07-02T21:03:31.330+0300][gc           ] GC(0) Pause Young (Normal) (G1 Evacuation Pause) 25M->7M(512M) 4.979ms
[2022-07-02T21:03:31.331+0300][gc,cpu       ] GC(0) User=0.02s Sys=0.01s Real=0.01s
[2022-07-02T21:06:47.399+0300][gc,heap,exit ] Heap
[2022-07-02T21:06:47.399+0300][gc,heap,exit ]  garbage-first heap   total 524288K, used 10333K [0x00000007e0000000, 0x0000000800000000)
[2022-07-02T21:06:47.399+0300][gc,heap,exit ]   region size 1024K, 8 young (8192K), 4 survivors (4096K)
[2022-07-02T21:06:47.399+0300][gc,heap,exit ]  Metaspace       used 15623K, capacity 15997K, committed 16128K, reserved 1062912K
[2022-07-02T21:06:47.399+0300][gc,heap,exit ]   class space    used 1555K, capacity 1717K, committed 1792K, reserved 1048576K
